// Jest Snapshot v1, https://goo.gl/fbAQLP

exports[`plain text hack - render 1`] = `
<Text
  component="p"
>
  hello world 
  <Text
    className="pf-u-ml-md"
    component="a"
    href="http://github.com"
    key="link-0"
    rel="noreferrer noopener"
    target="_blank"
  >
    Read here
  </Text>
   and good bye 
  <Text
    className="ccc"
    component="a"
    href="#"
    key="link-1"
    rel="noreferrer noopener"
    target="_blank"
  >
    Learn more
  </Text>
</Text>
`;
